// Jest Snapshot v1, https://goo.gl/fbAQLP

exports[`MtlsNotification.vue renders snapshot 1`] = `
<div
  class="py-4"
>
  <p
    class="mb-4"
  >
     Mutual TLS (mTLS) for communication between all the components of your service mesh (services, control plane, data plane proxies), proxy authentication, and access control rules in Traffic Permissions policies all contribute to securing your mesh. 
  </p>
  <ul
    class="list-disc pl-4"
  >
    <li>
      <a
        href="https://kuma.io/docs/dev/security/certificates/?utm_source=Kuma&utm_medium=Kuma-GUI"
        target="_blank"
      >
         Secure access across services 
      </a>
    </li>
    <li>
      <a
        href="https://kuma.io/docs/dev/policies/mutual-tls/?utm_source=Kuma&utm_medium=Kuma-GUI"
        target="_blank"
      >
         Mutual TLS 
      </a>
    </li>
    <li>
      <a
        href="https://kuma.io/docs/dev/policies/traffic-permissions/?utm_source=Kuma&utm_medium=Kuma-GUI"
        target="_blank"
      >
         Traffic Permissions policy documentation 
      </a>
    </li>
  </ul>
</div>
`;
