// Jest Snapshot v1, https://goo.gl/fbAQLP

exports[`TracingNotification.vue renders snapshot 1`] = `
<div
  class="py-4"
>
  <p
    class="mb-4"
  >
     A traffic trace policy lets you enable tracing logs and a third-party tracing solution to send them to. 
  </p>
  <ul
    class="list-disc pl-4"
  >
    <li>
      <a
        href="https://kuma.io/docs/dev/policies/traffic-trace/?utm_source=Kuma&utm_medium=Kuma-GUI"
        target="_blank"
      >
         Traffic Trace policy documentation 
      </a>
    </li>
  </ul>
</div>
`;
