// Jest Snapshot v1, https://goo.gl/fbAQLP

exports[`AddNewServicesCode.vue renders snapshot 1`] = `
<div>
  <div
    class="onboarding-container"
  >
    <div
      class="onboarding-container__header"
    >
      
      <div
        class="relative"
      >
        <h1
          class="onboarding-title"
        >
          Add services
        </h1>
        <!--v-if-->
      </div>
      
    </div>
    <div
      class="onboarding-container__content"
    >
      <div
        class="w-full"
      >
        
        <p
          class="text-center mb-12"
        >
           The demo application includes two services: a Redis backend to store a counter value, and a frontend web UI to show and increment the counter. 
        </p>
        <div>
          <p>
            Clone the GitHub repository for the demo application:
          </p>
          <div
            class="k-code-block theme-light code-block"
            data-testid="k-code-block"
            id="code-block-clone-command"
            style="--maxLineNumberWidth: 1ch;"
            tabindex="0"
          >
            <!---->
            <div
              class="k-code-block-content"
            >
              <pre
                class="k-highlighted-code-block language-bash"
                data-testid="k-code-block-highlighted-code-block"
                tabindex="0"
              >
                <span
                  class="k-line-number-rows"
                >
                  
        
                  
                  <span
                    class="k-line"
                  >
                    
          
                    <a
                      class="k-line-anchor"
                      id="code-block-clone-command-L1"
                    >
                      1
                    </a>
                    
        
                  </span>
                  
                  
      
                </span>
                <code
                  class="language-bash"
                >
                  https://github.com/kumahq/kuma-counter-demo/
                </code>
              </pre>
              <button
                class="k-button small outline k-code-block-copy-button"
                data-testid="k-code-block-copy-button"
                title="Copy (Alt+C)"
                type="button"
              >
                
                <!---->
                
                
                <span
                  class="kong-icon kong-icon-copy"
                >
                  <svg
                    height="18"
                    role="img"
                    viewBox="0 0 32 32"
                    width="18"
                    xmlns="http://www.w3.org/2000/svg"
                  >
                    
  
                    <title>
                      Copy (Alt+C)
                    </title>
                    
  
                    <path
                      d="M25.313 28v-18.688h-14.625v18.688h14.625zM25.313 6.688c1.438 0 2.688 1.188 2.688 2.625v18.688c0 1.438-1.25 2.688-2.688 2.688h-14.625c-1.438 0-2.688-1.25-2.688-2.688v-18.688c0-1.438 1.25-2.625 2.688-2.625h14.625zM21.313 1.313v2.688h-16v18.688h-2.625v-18.688c0-1.438 1.188-2.688 2.625-2.688h16z"
                      fill="currentColor"
                    />
                    

                  </svg>
                  

                </span>
                <span
                  class="k-visually-hidden"
                >
                  Copy
                </span>
                
                <!---->
              </button>
            </div>
          </div>
          <section
            aria-describedby="aaaabbbb-cccc-dddd-eeee-ffffffffffff"
            aria-label="And follow the instructions in the README"
            class="kong-card noBorder"
          >
            <div
              class="k-card-header d-flex mb-3"
            >
              <!---->
              <div
                class="k-card-title mb-3"
              >
                <h4>
                  
                  And follow the instructions in the README
                  
                </h4>
              </div>
              <div
                class="k-card-actions"
              >
                
                
              </div>
            </div>
            <!---->
            <div
              class="k-card-content d-flex"
            >
              <div
                class="k-card-body"
                id="aaaabbbb-cccc-dddd-eeee-ffffffffffff"
              >
                
                <a
                  class="external-link-code-block"
                  href="https://github.com/kumahq/kuma-counter-demo/blob/master/README.md"
                  target="_blank"
                >
                  https://github.com/kumahq/kuma-counter-demo/blob/master/README.md
                </a>
                
              </div>
              <!---->
            </div>
          </section>
        </div>
        <div>
          <p
            class="text-center my-4"
          >
             DPPs status: 
            <span
              class="text-green-500"
              data-testid="dpps-connected"
            >
              Connected
            </span>
          </p>
          <!--v-if-->
        </div>
        
      </div>
    </div>
    
    <div
      class="mt-4 flex items-center flex-col sm:flex-row justify-between"
    >
      <a
        class="k-button medium rounded primary navigation-button navigation-button--back"
        data-testid="onboarding-previous-button"
        href="/onboarding/add-services"
        type="button"
      >
        
        <!---->
        
        
         Back 
        
        <!---->
      </a>
      <div>
        <button
          class="k-button small rounded btn-link skip-button"
          data-testid="onboarding-skip-button"
          type="button"
        >
          
          <!---->
          
          
           Skip Setup 
          
          <!---->
        </button>
        <span
          class="inline-block"
        >
          <a
            class="k-button medium rounded primary navigation-button navigation-button--next"
            data-testid="onboarding-next-button"
            href="/onboarding/dataplanes-overview"
            type="button"
          >
            
            <!---->
            
            
            Next
            
            <!---->
          </a>
        </span>
      </div>
    </div>
    
  </div>
  <div
    class="background-image"
  />
</div>
`;
