// Jest Snapshot v1, https://goo.gl/fbAQLP

exports[`MultiZoneView.vue renders snapshot 1`] = `
<div>
  <div
    class="onboarding-container"
  >
    <div
      class="onboarding-container__header"
    >
      
      <div
        class="relative"
      >
        <h1
          class="onboarding-title"
        >
          Add zones
        </h1>
        <!--v-if-->
      </div>
      
    </div>
    <div
      class="onboarding-container__content"
    >
      <div
        class="w-full"
      >
        
        <p
          class="text-center mb-4"
        >
           A zone requires both the zone control plane and zone ingress. On Kubernetes, you run a single command to create both resources. On Universal, you must create them separately. 
        </p>
        <section
          aria-describedby="aaaabbbb-cccc-dddd-eeee-ffffffffffff"
          aria-label="See the documentation for options to install:"
          class="kong-card noBorder"
        >
          <div
            class="k-card-header d-flex mb-3"
          >
            <!---->
            <div
              class="k-card-title mb-3"
            >
              <h4>
                
                See the documentation for options to install:
                
              </h4>
            </div>
            <div
              class="k-card-actions"
            >
              
              
            </div>
          </div>
          <!---->
          <div
            class="k-card-content d-flex"
          >
            <div
              class="k-card-body"
              id="aaaabbbb-cccc-dddd-eeee-ffffffffffff"
            >
              
              <a
                class="external-link-code-block"
                href="https://kuma.io/docs/dev/deployments/multi-zone/?utm_source=Kuma&utm_medium=Kuma-GUI#zone-control-plane"
                target="_blank"
              >
                https://kuma.io/docs/dev/deployments/multi-zone/#zone-control-plane 
              </a>
              
            </div>
            <!---->
          </div>
        </section>
        <div>
          <p
            class="text-center my-4"
          >
             Zone status: 
            <span
              class="text-red-500"
              data-testid="zone-disconnected"
            >
              Disconnected
            </span>
          </p>
          <p
            class="text-center mt-4 mb-10"
          >
             Zone ingress status: 
            <span
              class="text-red-500"
              data-testid="zone-ingress-disconnected"
            >
              Disconnected
            </span>
          </p>
          <div
            class="flex justify-center"
          >
            <div
              class="loading"
              data-testid="loading"
            >
              <div />
              <div />
              <div />
              <div />
              <div />
            </div>
          </div>
        </div>
        
      </div>
    </div>
    
    <div
      class="mt-4 flex items-center flex-col sm:flex-row justify-between"
    >
      <a
        class="k-button medium rounded primary navigation-button navigation-button--back"
        data-testid="onboarding-previous-button"
        href="/onboarding/configuration-types"
        type="button"
      >
        
        <!---->
        
        
         Back 
        
        <!---->
      </a>
      <div>
        <button
          class="k-button small rounded btn-link skip-button"
          data-testid="onboarding-skip-button"
          type="button"
        >
          
          <!---->
          
          
           Skip Setup 
          
          <!---->
        </button>
        <span
          class="inline-block cursor-not-allowed"
        >
          <a
            class="k-button medium rounded primary navigation-button navigation-button--next"
            data-testid="onboarding-next-button"
            disabled="true"
            href="/onboarding/create-mesh"
            type="button"
          >
            
            <!---->
            
            
            Next
            
            <!---->
          </a>
        </span>
      </div>
    </div>
    
  </div>
  <div
    class="background-image"
  />
</div>
`;
