// Jest Snapshot v1, https://goo.gl/fbAQLP

exports[`App.vue fails to renders basic view 1`] = `
<div>
  
  <header
    class="app-header"
  >
    <div
      class="horizontal-list"
    >
      <a>
        <img
          alt="Kuma Logo"
          class="logo-image"
        />
      </a>
      <span
        aria-label="Star kumahq/kuma on GitHub"
        class="gh-star"
        href="https://github.com/kumahq/kuma"
      />
      <div
        class="upgrade-check-wrapper"
      >
        <div
          class="upgrade-check"
        >
          <!--v-if-->
        </div>
      </div>
    </div>
    <div
      class="horizontal-list"
    >
      <div
        class="app-status app-status--mobile"
      >
        <div
          aria-controls="aaaabbbb-cccc-dddd-eeee-ffffffffffff"
          id="aaaabbbb-cccc-dddd-eeee-ffffffffffff"
          role="button"
        >
          
          <button
            class="k-button medium rounded outline"
            type="button"
          >
            
            <!---->
            
            
             Info 
            
            <!---->
          </button>
          
          <transition-stub
            appear="false"
            css="true"
            name="fade"
            persisted="false"
          >
            <div
              class="k-popover"
              id="aaaabbbb-cccc-dddd-eeee-ffffffffffff"
              role="region"
              style="width: 280px; max-width: 350px; max-height: auto; display: none;"
            >
              <!---->
              <div
                class="k-popover-content"
              >
                
                <p>
                  Kuma 
                  <b>
                    1.7.1
                  </b>
                   on 
                  <b>
                    Universal
                  </b>
                   (Standalone) 
                </p>
                
              </div>
              <!---->
            </div>
          </transition-stub>
        </div>
      </div>
      <p
        class="app-status app-status--desktop"
      >
        Kuma 
        <b>
          1.7.1
        </b>
         on 
        <b>
          Universal
        </b>
         (Standalone) 
      </p>
      <button
        class="notification-icon cursor-pointer"
        type="button"
      >
        <span
          class="kong-icon kong-icon-notificationBell"
        >
          <svg
            fill="var(--yellow-300)"
            height="24"
            role="img"
            viewBox="0 0 24 24"
            width="24"
            xmlns="http://www.w3.org/2000/svg"
          >
            
  
            <title>
              Notifications
            </title>
            
  
            <path
              d="M8.5 19.5a3.8 3.8 0 0 0 3.5 3c1.32 0 3-.97 3.5-3h-7ZM20.42 14.8a.4.4 0 0 0-.11-.26l-1.98-1.97a.5.5 0 0 1-.17-.4v-3.1a5.95 5.95 0 0 0-3.08-5.36c-.3-.18-.63-.31-.95-.46a7.8 7.8 0 0 0-3.96 0l-.2.1c-.93.36-1.73.92-2.4 1.69a5.74 5.74 0 0 0-1.43 3.62c-.03 1.17-.01 2.35-.01 3.52a.5.5 0 0 1-.17.4L4 14.53a.48.48 0 0 0-.13.3V18H20.4l.01-.17c.02-1.01.02-2.02.01-3.03Z"
              fill="var(--yellow-300)"
            />
            

          </svg>
          

        </span>
        <span
          class="notification-icon__amount"
          data-testid="notification-amount"
        >
          4
        </span>
      </button>
      <div
        class="k-dropdown k-dropdown-menu help-menu"
      >
        
        <div
          aria-controls="aaaabbbb-cccc-dddd-eeee-ffffffffffff"
          data-testid="k-dropdown-menu-popover"
          id="aaaabbbb-cccc-dddd-eeee-ffffffffffff"
          role="button"
        >
          
          <div
            class="k-dropdown-trigger dropdown-trigger"
            data-testid="k-dropdown-trigger"
            label=""
          >
            
            <div>
              <button
                class="k-button medium rounded outline k-dropdown-btn"
                data-testid="k-dropdown-btn"
                type="button"
              >
                
                <span
                  class="k-button-icon kong-icon kong-icon-help"
                >
                  <svg
                    fill="var(--KButtonOutlineColor, var(--blue-500, color(blue-500)))"
                    height="16"
                    role="img"
                    viewBox="0 0 24 24"
                    width="16"
                    xmlns="http://www.w3.org/2000/svg"
                  >
                    
  
                    <title>
                      Help
                    </title>
                    
  
                    <path
                      d="M12 2a10.01 10.01 0 0 1 0 20 10 10 0 0 1 0-20Zm-.18 12h.79c.23 0 .35-.1.4-.32.05-.21.1-.42.18-.62.15-.32.43-.5.72-.68 1.18-.74 1.87-1.75 1.7-3.2-.12-.91-.55-1.61-1.32-2.1a4.98 4.98 0 0 0-3.91-.3c-1.07.4-1.72 1.13-1.8 2.31-.01.21.1.37.32.38.52.01 1.04.03 1.57.03.25 0 .42-.14.5-.38.14-.51.51-.72 1.01-.77.57-.04 1.08.3 1.2.8.2.75.03 1.42-.56 1.94-.35.31-.73.58-1.1.87-.49.4-.83.9-.87 1.56-.02.31.1.48.42.48h.75Zm-.02 1.56h-.67c-.3 0-.52.22-.52.53v.8c0 .35.22.57.56.57h1.27c.32 0 .53-.2.55-.53a8.8 8.8 0 0 0 0-.85c-.02-.33-.23-.52-.57-.53h-.62Z"
                      fill="var(--KButtonOutlineColor, var(--blue-500, color(blue-500)))"
                    />
                    

                  </svg>
                  

                </span>
                
                
                
                
                <!---->
              </button>
            </div>
            
          </div>
          
          <transition-stub
            appear="false"
            css="true"
            name="fade"
            persisted="false"
          >
            <div
              class="k-popover k-dropdown-popover mt-1 undefined hide-caret"
              id="aaaabbbb-cccc-dddd-eeee-ffffffffffff"
              role="region"
              style="width: 200px; max-width: 350px; max-height: auto; display: none;"
            >
              <!---->
              <div
                class="k-popover-content"
              >
                
                <ul
                  class="k-dropdown-list dropdown-list"
                  data-testid="k-dropdown-list"
                >
                  
                  <li
                    class="k-dropdown-item w-100"
                    data-testid="k-dropdown-item-"
                  >
                    <div
                      class="k-dropdown-item-trigger"
                      data-testid="k-dropdown-item-trigger"
                    >
                      
                      <a
                        href="https://kuma.io/docs/dev/?utm_source=Kuma&utm_medium=Kuma-GUI"
                        rel="noopener noreferrer"
                        target="_blank"
                      >
                         Documentation 
                      </a>
                      
                    </div>
                  </li>
                  <li
                    class="k-dropdown-item w-100"
                    data-testid="k-dropdown-item-"
                  >
                    <div
                      class="k-dropdown-item-trigger"
                      data-testid="k-dropdown-item-trigger"
                    >
                      
                      <a
                        href="https://github.com/kumahq/kuma/issues/new/choose"
                        rel="noopener noreferrer"
                        target="_blank"
                      >
                         Feedback 
                      </a>
                      
                    </div>
                  </li>
                  
                </ul>
                
              </div>
              <!---->
            </div>
          </transition-stub>
        </div>
        
      </div>
      <a
        button-appearance="btn-link"
        class="k-button medium rounded outline"
        type="button"
      >
        
        <span
          class="k-button-icon kong-icon kong-icon-gearFilled"
        >
          <svg
            height="16"
            role="img"
            viewBox="0 0 16 16"
            width="16"
            xmlns="http://www.w3.org/2000/svg"
          >
            
  
            
  
            <path
              d="M8.63962039 0c.2152152 0 .40628463.13771505.47434165.34188612l.63997656 1.91853291c.3708976.11319954.7265407.26136452 1.0630881.4406537l1.8103874-.9038671c.1924944-.09624716.4249801-.05851992.5771602.09366021l.9045599.90455983c.1521801.15218013.1899073.38466585.0936602.57716018l-.904073 1.81000104c.1795192.33691975.3278441.69298066.44112 1.06432821l1.9182725.63912286C15.862285 6.95409498 16 7.14516441 16 7.36037961v1.27924078c0 .2152152-.137715.40628463-.3418861.47434165l-1.918532.63997355c-.1132072.37092351-.2613848.72659041-.4406907 1.06315871l.9039032 1.8103198c.0962471.1924944.0585199.4249801-.0936602.5771602l-.9045599.9045599c-.1521801.1521801-.3846658.1899073-.5771602.0936602l-1.8103171-.9039046c-.3365681.179306-.692235.3274837-1.0631584.4406912l-.63997656 1.9185329C9.04590502 15.862285 8.85483559 16 8.63962039 16H7.36037961c-.2152152 0-.40628463-.137715-.47434165-.3418861L6.2460614 13.739581c-.3708976-.1131996-.72654071-.2613646-1.06308807-.4406537l-1.81038748.9038671c-.19249433.0962471-.42498005.0585199-.57716018-.0936602l-.90455983-.9045599c-.15218013-.1521801-.18990737-.3846658-.09366021-.5771602l.90407299-1.810001c-.17951921-.3369197-.32784407-.6929806-.44112007-1.0643282L.34188612 9.11396204C.13771505 9.04590502 0 8.85483559 0 8.63962039V7.36037961c0-.2152152.13771505-.40628463.34188612-.47434165l1.918532-.63997355c.11320723-.37092352.26138479-.72659044.44069063-1.06315869l-.90390312-1.81031987c-.09624716-.19249433-.05851992-.42498005.09366021-.57716018l.90455983-.90455983c.15218013-.15218013.38466585-.18990737.57716018-.09366021l1.81031714.90390458c.33656815-.17930601.69223497-.32748375 1.06315841-.44069118L6.88603796.34188612C6.95409498.13771505 7.14516441 0 7.36037961 0h1.27924078zM8 6c-1.1045695 0-2 .8954305-2 2s.8954305 2 2 2 2-.8954305 2-2-.8954305-2-2-2z"
              fill="currentColor"
              fill-rule="evenodd"
            />
            

          </svg>
          

        </span>
        
        
        <span
          class="visually-hidden"
        >
          Diagnostics
        </span>
        
        <!---->
      </a>
    </div>
  </header>
  <div
    class="app-content-container"
  >
    <div
      class="app-sidebar-wrapper"
    >
      <aside
        class="app-sidebar"
      >
        
        
        <div
          class="nav-item nav-item--has-bottom-offset"
          data-testid="home"
        >
          <a
            class="nav-link nav-link--is-active"
          >
            Home 
            <!--v-if-->
          </a>
        </div>
        
        
        <div
          class="nav-item nav-item--is-category nav-item--is-primary-category"
          data-testid=""
        >
          <div
            class="nav-category"
          >
            Mesh
          </div>
        </div>
        
        
        
        <div
          class="mesh-selector-container"
        >
          <label
            for="mesh-selector"
          >
            <span
              class="visually-hidden"
            >
               Filter by mesh: 
            </span>
            <select
              class="mesh-selector"
              data-testid="mesh-selector"
              id="mesh-selector"
              name="mesh-selector"
            >
              
              <option
                value="default"
              >
                default
              </option>
              <option
                value="a-test"
              >
                a-test
              </option>
              <option
                value="hello-world"
              >
                hello-world
              </option>
              <option
                value="kong-mania-12"
              >
                kong-mania-12
              </option>
              
            </select>
          </label>
        </div>
        
        
        
        <div
          class="nav-item"
          data-testid="mesh-detail-view"
        >
          <a
            class="nav-link"
          >
            Overview 
            <!--v-if-->
          </a>
        </div>
        
        
        <div
          class="nav-item"
          data-testid="service-list-view"
        >
          <a
            class="nav-link"
          >
            Services 
            <span
              class="amount"
            >
              5
            </span>
          </a>
        </div>
        
        
        <div
          class="nav-item"
          data-testid="gateway-list-view"
        >
          <a
            class="nav-link"
          >
            Gateways 
            <span
              class="amount"
            >
              1
            </span>
          </a>
        </div>
        
        
        <div
          class="nav-item"
          data-testid="data-plane-list-view"
        >
          <a
            class="nav-link"
          >
            Data Plane Proxies 
            <span
              class="amount"
            >
              9
            </span>
          </a>
        </div>
        
        
        <div
          class="nav-item"
          data-testid="policies"
        >
          <a
            class="nav-link"
          >
            Policies 
            <span
              class="amount"
            >
              27
            </span>
          </a>
        </div>
        
        
      </aside>
    </div>
    <main
      class="app-main-content app-main-content--narrow"
    >
      <!--v-if-->
      <div>
        <div
          class="k-alert info icon mb-4"
          data-testid="notification-info"
          role="alert"
        >
          <!---->
          <!---->
          <div
            class="k-alert-msg-text has-dismiss-icon"
          >
            <!---->
            <div
              class="k-alert-msg"
            >
              
              <div
                class="mr-4"
              >
                <span
                  class="mr-2"
                >
                  <strong>
                    Pro tip:
                  </strong>
                   You might want to adjust your mesh configuration 
                </span>
                <button
                  class="k-button medium rounded outline"
                  data-testid="open-modal-button"
                  type="button"
                >
                  
                  <!---->
                  
                  
                   Check your mesh! 
                  
                  <!---->
                </button>
              </div>
              
            </div>
            <!---->
          </div>
          <button
            aria-label="Close"
            class="close"
            type="button"
          >
            <span
              class="info kong-icon kong-icon-close"
            >
              <svg
                fill="info"
                height="14"
                role="img"
                viewBox="0 0 20 20"
                width="14"
                xmlns="http://www.w3.org/2000/svg"
              >
                
  
                <title>
                  Close
                </title>
                
  
                <path
                  d="M16 4 3 17m13 0L3 4"
                  stroke="info"
                  stroke-linecap="round"
                  stroke-width="2"
                />
                

              </svg>
              

            </span>
          </button>
          <div
            class="k-alert-action info"
          >
            <!---->
            <!---->
          </div>
        </div>
        <!---->
      </div>
      <!--v-if-->
      <!--v-if-->
      <transition-stub
        appear="false"
        css="true"
        mode="out-in"
        name="fade"
        persisted="false"
      >
        <div
          class="transition-root"
        >
          
          <div
            class="chart-container mt-16"
          >
            <!--v-if-->
            <!--v-if-->
            <donut-chart-stub
              class="chart chart-1/3"
              data="[object Object]"
              displayamchartslogo="false"
              emptysubtitle="NO"
              hideslicelabels="false"
              isloading="false"
              reversetitles="false"
              savechart="false"
              title="[object Object]"
            />
            <donut-chart-stub
              class="chart chart-1/3"
              data="[object Object],[object Object]"
              displayamchartslogo="false"
              emptysubtitle="NO"
              hideslicelabels="false"
              isloading="false"
              reversetitles="false"
              savechart="true"
              title="[object Object]"
            />
            <donut-chart-stub
              class="chart chart-1/3"
              data="[object Object],[object Object]"
              displayamchartslogo="false"
              emptysubtitle="NO"
              hideslicelabels="false"
              isloading="false"
              reversetitles="false"
              savechart="false"
              title="[object Object]"
            />
            <donut-chart-stub
              class="chart chart-1/2 chart-offset-left-1/6"
              data="[object Object],[object Object],[object Object],[object Object]"
              displayamchartslogo="false"
              emptysubtitle="NOT FOUND"
              hideslicelabels="false"
              isloading="false"
              reversetitles="true"
              savechart="false"
              subtitleprops="[object Object]"
              title="KUMA DP"
              titleprops="[object Object]"
            />
            <donut-chart-stub
              class="chart chart-1/2 chart-offset-right-1/6"
              data="[object Object],[object Object],[object Object],[object Object],[object Object]"
              displayamchartslogo="true"
              emptysubtitle="NOT FOUND"
              hideslicelabels="false"
              isloading="false"
              reversetitles="true"
              savechart="false"
              subtitleprops="[object Object]"
              title="ENVOY"
              titleprops="[object Object]"
            />
          </div>
          <div
            class="resource-list mt-8"
          >
            <section
              aria-describedby="aaaabbbb-cccc-dddd-eeee-ffffffffffff"
              aria-label="Create a virtual mesh"
              class="kong-card border"
            >
              <div
                class="k-card-header d-flex mb-3"
              >
                <!---->
                <div
                  class="k-card-title mb-3"
                >
                  <h4>
                    
                    Create a virtual mesh
                    
                  </h4>
                </div>
                <div
                  class="k-card-actions"
                >
                  
                  
                </div>
              </div>
              <!---->
              <div
                class="k-card-content d-flex"
              >
                <div
                  class="k-card-body"
                  id="aaaabbbb-cccc-dddd-eeee-ffffffffffff"
                >
                  
                  <p>
                     We can create multiple isolated Mesh resources (i.e. per application/
                    <wbr />
                    team/
                    <wbr />
                    business unit). 
                  </p>
                  <div
                    class="resource-list-actions mt-4"
                  >
                    <a
                      class="k-button medium rounded creation"
                      type="button"
                    >
                      
                      <span
                        class="k-button-icon kong-icon kong-icon-plus"
                      >
                        <svg
                          fill="white"
                          height="16"
                          role="img"
                          viewBox="0 0 20 20"
                          width="16"
                          xmlns="http://www.w3.org/2000/svg"
                        >
                          
  
                          <title>
                            Add
                          </title>
                          
  
                          <rect
                            fill="white"
                            height="12"
                            rx="1"
                            width="2.77"
                            x="8.62"
                            y="4"
                          />
                          
  
                          <rect
                            fill="white"
                            height="12"
                            rx="1"
                            transform="rotate(90 16 8.62)"
                            width="2.77"
                            x="16"
                            y="8.62"
                          />
                          

                        </svg>
                        

                      </span>
                      
                      
                       Create mesh 
                      
                      <!---->
                    </a>
                  </div>
                  
                </div>
                <!---->
              </div>
            </section>
            <section
              aria-describedby="aaaabbbb-cccc-dddd-eeee-ffffffffffff"
              aria-label="Connect data plane proxies"
              class="kong-card border"
            >
              <div
                class="k-card-header d-flex mb-3"
              >
                <!---->
                <div
                  class="k-card-title mb-3"
                >
                  <h4>
                    
                    Connect data plane proxies
                    
                  </h4>
                </div>
                <div
                  class="k-card-actions"
                >
                  
                  
                </div>
              </div>
              <!---->
              <div
                class="k-card-content d-flex"
              >
                <div
                  class="k-card-body"
                  id="aaaabbbb-cccc-dddd-eeee-ffffffffffff"
                >
                  
                  <p>
                     We need a data plane proxy for each replica of our services within a Mesh resource. 
                  </p>
                  <div
                    class="resource-list-actions mt-4"
                  >
                    <a
                      class="k-button medium rounded primary"
                      type="button"
                    >
                      
                      <!---->
                      
                      
                       Get started 
                      
                      <!---->
                    </a>
                  </div>
                  
                </div>
                <!---->
              </div>
            </section>
            <section
              aria-describedby="aaaabbbb-cccc-dddd-eeee-ffffffffffff"
              aria-label="Apply Kuma policies"
              class="kong-card border"
            >
              <div
                class="k-card-header d-flex mb-3"
              >
                <!---->
                <div
                  class="k-card-title mb-3"
                >
                  <h4>
                    
                    Apply Kuma policies
                    
                  </h4>
                </div>
                <div
                  class="k-card-actions"
                >
                  
                  
                </div>
              </div>
              <!---->
              <div
                class="k-card-content d-flex"
              >
                <div
                  class="k-card-body"
                  id="aaaabbbb-cccc-dddd-eeee-ffffffffffff"
                >
                  
                  <p>
                     We can apply Kuma policies to secure, observe, route and manage the Mesh and its data plane proxies. 
                  </p>
                  <div
                    class="resource-list-actions mt-4"
                  >
                    <a
                      class="k-button medium rounded primary"
                      href="https://kuma.io/policies/?utm_source=Kuma&utm_medium=Kuma-GUI"
                      type="button"
                    >
                      
                      <!---->
                      
                      
                       Explore policies 
                      
                      <!---->
                    </a>
                  </div>
                  
                </div>
                <!---->
              </div>
            </section>
            <section
              aria-describedby="aaaabbbb-cccc-dddd-eeee-ffffffffffff"
              aria-label="Resources"
              class="kong-card border"
            >
              <div
                class="k-card-header d-flex mb-3"
              >
                <!---->
                <div
                  class="k-card-title mb-3"
                >
                  <h4>
                    
                    Resources
                    
                  </h4>
                </div>
                <div
                  class="k-card-actions"
                >
                  
                  
                </div>
              </div>
              <!---->
              <div
                class="k-card-content d-flex"
              >
                <div
                  class="k-card-body"
                  id="aaaabbbb-cccc-dddd-eeee-ffffffffffff"
                >
                  
                  <p>
                     Join the Kuma community and ask questions: 
                  </p>
                  <ul>
                    
                    <li>
                      <a
                        href="https://kuma.io/docs/1.7.x/?utm_source=Kuma&utm_medium=Kuma-GUI"
                        target="_blank"
                      >
                        Kuma Documentation
                      </a>
                    </li>
                    <li>
                      <a
                        href="https://kuma-mesh.slack.com/?utm_source=Kuma&utm_medium=Kuma-GUI"
                        target="_blank"
                      >
                        Kuma Community Chat
                      </a>
                    </li>
                    <li>
                      <a
                        href="https://github.com/kumahq/kuma?utm_source=Kuma&utm_medium=Kuma-GUI"
                        target="_blank"
                      >
                        Kuma GitHub Repository
                      </a>
                    </li>
                    
                  </ul>
                  
                </div>
                <!---->
              </div>
            </section>
          </div>
          
        </div>
      </transition-stub>
    </main>
  </div>
  
</div>
`;
