// Jest Snapshot v1, https://goo.gl/fbAQLP

exports[`DataplanePolicies.vue renders snapshot 1`] = `
<div
  class="policies-list"
>
  
  <h2
    class="visually-hidden"
  >
     Policies 
  </h2>
  <ul
    class="accordion"
  >
    
    
    <li
      class="accordion-item relative border-b active"
    >
      <button
        aria-expanded="true"
        class="accordion-item-header"
        data-testid="accordion-item-button"
        type="button"
      >
        
        <h3>
          <span
            class="policy-type-tag"
          >
            <img
              alt=""
              class="policy-type-tag-icon"
              src=""
            />
            
            FaultInjection (3) 
            
          </span>
        </h3>
        
      </button>
      <transition-stub
        appear="false"
        css="true"
        name="accordion"
        persisted="false"
      >
        <div
          class="px-4 py-1"
          data-testid="accordion-item-content"
        >
          
          <div
            class="policy-list"
          >
            <div
              class="k-table-container policy-type-table"
              is-clickable=""
            >
              <!---->
              <section
                class="k-table-wrapper"
              >
                <table
                  class="k-table has-hover"
                  data-tableid="aaaabbbb-cccc-dddd-eeee-ffffffffffff"
                >
                  <thead
                    class=""
                  >
                    <tr
                      class=""
                    >
                      
                      <th
                        class=""
                      >
                        <span
                          class="d-flex align-items-center"
                        >
                          
                          <span
                            class=""
                          >
                            From
                          </span>
                          
                          <!---->
                        </span>
                      </th>
                      <th
                        class=""
                      >
                        <span
                          class="d-flex align-items-center"
                        >
                          
                          <span
                            class=""
                          >
                            To
                          </span>
                          
                          <!---->
                        </span>
                      </th>
                      <th
                        class=""
                      >
                        <span
                          class="d-flex align-items-center"
                        >
                          
                          <span
                            class=""
                          >
                            On
                          </span>
                          
                          <!---->
                        </span>
                      </th>
                      <th
                        class=""
                      >
                        <span
                          class="d-flex align-items-center"
                        >
                          
                          <span
                            class=""
                          >
                            Conf
                          </span>
                          
                          <!---->
                        </span>
                      </th>
                      <th
                        class=""
                      >
                        <span
                          class="d-flex align-items-center"
                        >
                          
                          <span
                            class=""
                          >
                            Origins
                          </span>
                          
                          <!---->
                        </span>
                      </th>
                      
                    </tr>
                  </thead>
                  <tbody>
                    
                    <tr>
                      
                      <td
                        class="cell-sourceTags"
                      >
                        
                        <span
                          class="tag-list"
                        >
                          
                          <span
                            class="tag"
                          >
                            <span
                              class="tag__label tag__label--is-kuma-io-label"
                            >
                              kuma.io/service
                            </span>
                            <span
                              class="tag__value"
                            >
                              service-a
                            </span>
                          </span>
                          
                        </span>
                        
                      </td>
                      <td
                        class="cell-destinationTags"
                      >
                        
                        <span
                          class="tag-list"
                        >
                          
                          <span
                            class="tag"
                          >
                            <span
                              class="tag__label tag__label--is-kuma-io-label"
                            >
                              kuma.io/service
                            </span>
                            <span
                              class="tag__value"
                            >
                              web
                            </span>
                          </span>
                          
                        </span>
                        
                      </td>
                      <td
                        class="cell-name"
                      >
                        
                        
                        192.168.0.1:80:81
                        
                        
                      </td>
                      <td
                        class="cell-config"
                      >
                        
                        <div
                          class="k-code-block theme-light code-block"
                          data-testid="k-code-block"
                          id="policies-0-0-code-block"
                          style="--maxLineNumberWidth: 1ch;"
                          tabindex="0"
                        >
                          <!---->
                          <div
                            class="k-code-block-content"
                          >
                            <pre
                              class="k-highlighted-code-block language-yaml"
                              data-testid="k-code-block-highlighted-code-block"
                              tabindex="0"
                            >
                              <span
                                class="k-line-number-rows"
                              >
                                
        
                                
                                <span
                                  class="k-line"
                                >
                                  
          
                                  <a
                                    class="k-line-anchor"
                                    id="policies-0-0-code-block-L1"
                                  >
                                    1
                                  </a>
                                  
        
                                </span>
                                <span
                                  class="k-line"
                                >
                                  
          
                                  <a
                                    class="k-line-anchor"
                                    id="policies-0-0-code-block-L2"
                                  >
                                    2
                                  </a>
                                  
        
                                </span>
                                <span
                                  class="k-line"
                                >
                                  
          
                                  <a
                                    class="k-line-anchor"
                                    id="policies-0-0-code-block-L3"
                                  >
                                    3
                                  </a>
                                  
        
                                </span>
                                
                                
      
                              </span>
                              <code
                                class="language-yaml"
                              >
                                <span
                                  class="token key atrule"
                                >
                                  delay
                                </span>
                                <span
                                  class="token punctuation"
                                >
                                  :
                                </span>
                                 
  
                                <span
                                  class="token key atrule"
                                >
                                  percentage
                                </span>
                                <span
                                  class="token punctuation"
                                >
                                  :
                                </span>
                                 
                                <span
                                  class="token number"
                                >
                                  90
                                </span>
                                
  
                                <span
                                  class="token key atrule"
                                >
                                  value
                                </span>
                                <span
                                  class="token punctuation"
                                >
                                  :
                                </span>
                                 5s
                              </code>
                            </pre>
                            <!---->
                          </div>
                        </div>
                        
                      </td>
                      <td
                        class="cell-origins"
                      >
                        
                        <div
                          class="origin-list"
                        >
                          
                          <a>
                            fi1.kuma-system
                          </a>
                          
                        </div>
                        
                      </td>
                      
                    </tr>
                    <tr>
                      
                      <td
                        class="cell-sourceTags"
                      >
                        
                        <span
                          class="tag-list"
                        >
                          
                          <span
                            class="tag"
                          >
                            <span
                              class="tag__label tag__label--is-kuma-io-label"
                            >
                              kuma.io/service
                            </span>
                            <span
                              class="tag__value"
                            >
                              service-b
                            </span>
                          </span>
                          
                        </span>
                        
                      </td>
                      <td
                        class="cell-destinationTags"
                      >
                        
                        <span
                          class="tag-list"
                        >
                          
                          <span
                            class="tag"
                          >
                            <span
                              class="tag__label tag__label--is-kuma-io-label"
                            >
                              kuma.io/service
                            </span>
                            <span
                              class="tag__value"
                            >
                              web
                            </span>
                          </span>
                          
                        </span>
                        
                      </td>
                      <td
                        class="cell-name"
                      >
                        
                        
                        192.168.0.1:80:81
                        
                        
                      </td>
                      <td
                        class="cell-config"
                      >
                        
                        <div
                          class="k-code-block theme-light code-block"
                          data-testid="k-code-block"
                          id="policies-0-1-code-block"
                          style="--maxLineNumberWidth: 1ch;"
                          tabindex="0"
                        >
                          <!---->
                          <div
                            class="k-code-block-content"
                          >
                            <pre
                              class="k-highlighted-code-block language-yaml"
                              data-testid="k-code-block-highlighted-code-block"
                              tabindex="0"
                            >
                              <span
                                class="k-line-number-rows"
                              >
                                
        
                                
                                <span
                                  class="k-line"
                                >
                                  
          
                                  <a
                                    class="k-line-anchor"
                                    id="policies-0-1-code-block-L1"
                                  >
                                    1
                                  </a>
                                  
        
                                </span>
                                <span
                                  class="k-line"
                                >
                                  
          
                                  <a
                                    class="k-line-anchor"
                                    id="policies-0-1-code-block-L2"
                                  >
                                    2
                                  </a>
                                  
        
                                </span>
                                <span
                                  class="k-line"
                                >
                                  
          
                                  <a
                                    class="k-line-anchor"
                                    id="policies-0-1-code-block-L3"
                                  >
                                    3
                                  </a>
                                  
        
                                </span>
                                
                                
      
                              </span>
                              <code
                                class="language-yaml"
                              >
                                <span
                                  class="token key atrule"
                                >
                                  delay
                                </span>
                                <span
                                  class="token punctuation"
                                >
                                  :
                                </span>
                                 
  
                                <span
                                  class="token key atrule"
                                >
                                  percentage
                                </span>
                                <span
                                  class="token punctuation"
                                >
                                  :
                                </span>
                                 
                                <span
                                  class="token number"
                                >
                                  90
                                </span>
                                
  
                                <span
                                  class="token key atrule"
                                >
                                  value
                                </span>
                                <span
                                  class="token punctuation"
                                >
                                  :
                                </span>
                                 5s
                              </code>
                            </pre>
                            <!---->
                          </div>
                        </div>
                        
                      </td>
                      <td
                        class="cell-origins"
                      >
                        
                        <div
                          class="origin-list"
                        >
                          
                          <a>
                            fi1.kuma-system
                          </a>
                          
                        </div>
                        
                      </td>
                      
                    </tr>
                    <tr>
                      
                      <td
                        class="cell-sourceTags"
                      >
                        
                        <span
                          class="tag-list"
                        >
                          
                          <span
                            class="tag"
                          >
                            <span
                              class="tag__label tag__label--is-kuma-io-label"
                            >
                              kuma.io/service
                            </span>
                            <span
                              class="tag__value"
                            >
                              *
                            </span>
                          </span>
                          
                        </span>
                        
                      </td>
                      <td
                        class="cell-destinationTags"
                      >
                        
                        <span
                          class="tag-list"
                        >
                          
                          <span
                            class="tag"
                          >
                            <span
                              class="tag__label tag__label--is-kuma-io-label"
                            >
                              kuma.io/service
                            </span>
                            <span
                              class="tag__value"
                            >
                              web
                            </span>
                          </span>
                          
                        </span>
                        
                      </td>
                      <td
                        class="cell-name"
                      >
                        
                        
                        192.168.0.1:80:81
                        
                        
                      </td>
                      <td
                        class="cell-config"
                      >
                        
                        <div
                          class="k-code-block theme-light code-block"
                          data-testid="k-code-block"
                          id="policies-0-2-code-block"
                          style="--maxLineNumberWidth: 1ch;"
                          tabindex="0"
                        >
                          <!---->
                          <div
                            class="k-code-block-content"
                          >
                            <pre
                              class="k-highlighted-code-block language-yaml"
                              data-testid="k-code-block-highlighted-code-block"
                              tabindex="0"
                            >
                              <span
                                class="k-line-number-rows"
                              >
                                
        
                                
                                <span
                                  class="k-line"
                                >
                                  
          
                                  <a
                                    class="k-line-anchor"
                                    id="policies-0-2-code-block-L1"
                                  >
                                    1
                                  </a>
                                  
        
                                </span>
                                <span
                                  class="k-line"
                                >
                                  
          
                                  <a
                                    class="k-line-anchor"
                                    id="policies-0-2-code-block-L2"
                                  >
                                    2
                                  </a>
                                  
        
                                </span>
                                <span
                                  class="k-line"
                                >
                                  
          
                                  <a
                                    class="k-line-anchor"
                                    id="policies-0-2-code-block-L3"
                                  >
                                    3
                                  </a>
                                  
        
                                </span>
                                
                                
      
                              </span>
                              <code
                                class="language-yaml"
                              >
                                <span
                                  class="token key atrule"
                                >
                                  abort
                                </span>
                                <span
                                  class="token punctuation"
                                >
                                  :
                                </span>
                                 
  
                                <span
                                  class="token key atrule"
                                >
                                  percentage
                                </span>
                                <span
                                  class="token punctuation"
                                >
                                  :
                                </span>
                                 
                                <span
                                  class="token number"
                                >
                                  80
                                </span>
                                
  
                                <span
                                  class="token key atrule"
                                >
                                  httpStatus
                                </span>
                                <span
                                  class="token punctuation"
                                >
                                  :
                                </span>
                                 
                                <span
                                  class="token number"
                                >
                                  500
                                </span>
                              </code>
                            </pre>
                            <!---->
                          </div>
                        </div>
                        
                      </td>
                      <td
                        class="cell-origins"
                      >
                        
                        <div
                          class="origin-list"
                        >
                          
                          <a>
                            web-to-backend.kuma-system
                          </a>
                          
                        </div>
                        
                      </td>
                      
                    </tr>
                    
                  </tbody>
                </table>
                <!---->
              </section>
            </div>
          </div>
          
        </div>
      </transition-stub>
    </li>
    <li
      class="accordion-item relative border-b"
    >
      <button
        aria-expanded="false"
        class="accordion-item-header"
        data-testid="accordion-item-button"
        type="button"
      >
        
        <h3>
          <span
            class="policy-type-tag"
          >
            <img
              alt=""
              class="policy-type-tag-icon"
              src=""
            />
            
            HealthCheck (4) 
            
          </span>
        </h3>
        
      </button>
      <transition-stub
        appear="false"
        css="true"
        name="accordion"
        persisted="false"
      >
        <!--v-if-->
      </transition-stub>
    </li>
    <li
      class="accordion-item relative border-b"
    >
      <button
        aria-expanded="false"
        class="accordion-item-header"
        data-testid="accordion-item-button"
        type="button"
      >
        
        <h3>
          <span
            class="policy-type-tag"
          >
            <img
              alt=""
              class="policy-type-tag-icon"
              src=""
            />
            
            Timeout (1) 
            
          </span>
        </h3>
        
      </button>
      <transition-stub
        appear="false"
        css="true"
        name="accordion"
        persisted="false"
      >
        <!--v-if-->
      </transition-stub>
    </li>
    <li
      class="accordion-item relative border-b"
    >
      <button
        aria-expanded="false"
        class="accordion-item-header"
        data-testid="accordion-item-button"
        type="button"
      >
        
        <h3>
          <span
            class="policy-type-tag"
          >
            <img
              alt=""
              class="policy-type-tag-icon"
              src=""
            />
            
            TrafficPermission (1) 
            
          </span>
        </h3>
        
      </button>
      <transition-stub
        appear="false"
        css="true"
        name="accordion"
        persisted="false"
      >
        <!--v-if-->
      </transition-stub>
    </li>
    <li
      class="accordion-item relative border-b"
    >
      <button
        aria-expanded="false"
        class="accordion-item-header"
        data-testid="accordion-item-button"
        type="button"
      >
        
        <h3>
          <span
            class="policy-type-tag"
          >
            <img
              alt=""
              class="policy-type-tag-icon"
              src=""
            />
            
            TrafficTrace (1) 
            
          </span>
        </h3>
        
      </button>
      <transition-stub
        appear="false"
        css="true"
        name="accordion"
        persisted="false"
      >
        <!--v-if-->
      </transition-stub>
    </li>
    
    
  </ul>
  <div
    class="mt-2"
  >
    <h2>
      Rules
    </h2>
    <ul
      class="accordion"
    >
      
      
      <li
        class="accordion-item relative border-b"
      >
        <button
          aria-expanded="false"
          class="accordion-item-header"
          data-testid="accordion-item-button"
          type="button"
        >
          
          <h3>
            <span
              class="policy-type-tag"
            >
              <img
                alt=""
                class="policy-type-tag-icon"
                src=""
              />
              
              MeshAccessLog (1) 
              
            </span>
          </h3>
          
        </button>
        <transition-stub
          appear="false"
          css="true"
          name="accordion"
          persisted="false"
        >
          <!--v-if-->
        </transition-stub>
      </li>
      <li
        class="accordion-item relative border-b"
      >
        <button
          aria-expanded="false"
          class="accordion-item-header"
          data-testid="accordion-item-button"
          type="button"
        >
          
          <h3>
            <span
              class="policy-type-tag"
            >
              <img
                alt=""
                class="policy-type-tag-icon"
                src=""
              />
              
              MeshTrace (1) 
              
            </span>
          </h3>
          
        </button>
        <transition-stub
          appear="false"
          css="true"
          name="accordion"
          persisted="false"
        >
          <!--v-if-->
        </transition-stub>
      </li>
      <li
        class="accordion-item relative border-b"
      >
        <button
          aria-expanded="false"
          class="accordion-item-header"
          data-testid="accordion-item-button"
          type="button"
        >
          
          <h3>
            <span
              class="policy-type-tag"
            >
              <img
                alt=""
                class="policy-type-tag-icon"
                src=""
              />
              
              MeshTrafficPermission (3) 
              
            </span>
          </h3>
          
        </button>
        <transition-stub
          appear="false"
          css="true"
          name="accordion"
          persisted="false"
        >
          <!--v-if-->
        </transition-stub>
      </li>
      
      
    </ul>
  </div>
  
</div>
`;
