// Jest Snapshot v1, https://goo.gl/fbAQLP

exports[`DataPlaneEntitySummary matches snapshot 1`] = `
<div
  class="entity-summary entity-section-list"
>
  <section>
    <div
      class="block-list"
    >
      <div>
        <h3
          class="entity-title"
          data-testid="data-plane-proxy-title"
        >
          <span>
             DPP: 
            <a
              class=""
              href="/mesh/test-mesh/data-planes/backend"
            >
              backend
            </a>
          </span>
          <span
            class="status status--with-title status--success"
            data-testid="status-badge"
          >
            <span
              class=""
            >
              online
            </span>
          </span>
        </h3>
        <div
          class="definition"
        >
          <span>
            Mesh:
          </span>
          <span>
            test-mesh
          </span>
        </div>
      </div>
      <div>
        <h4>
          Tags
        </h4>
        <span
          class="tag-list"
        >
          
          <span
            class="tag"
          >
            <span
              class="tag__label tag__label--is-kuma-io-label"
            >
              kuma.io/protocol
            </span>
            <span
              class="tag__value"
            >
              http
            </span>
          </span>
          <span
            class="tag"
          >
            <span
              class="tag__label tag__label--is-kuma-io-label"
            >
              kuma.io/service
            </span>
            <span
              class="tag__value"
            >
              backend
            </span>
          </span>
          
        </span>
      </div>
      <div>
        <h4>
          Dependencies
        </h4>
        
        <div
          class="definition"
        >
          <span>
            envoy:
          </span>
          <span>
            1.16.2
          </span>
        </div>
        <div
          class="definition"
        >
          <span>
            kumaDp:
          </span>
          <span>
            1.0.7
          </span>
        </div>
        <div
          class="definition"
        >
          <span>
            coredns:
          </span>
          <span>
            1.8.3
          </span>
        </div>
        
        <!--v-if-->
      </div>
    </div>
  </section>
  <section>
    <h4>
      Insights
    </h4>
    <div
      class="block-list"
    >
      
      <div>
        <div
          class="definition"
          data-testid="data-plane-connect-time-0"
        >
          <span>
            Connect time:
          </span>
          <span>
            February 17, 2021 at 7:33:36 AM
          </span>
        </div>
        <div
          class="definition"
          data-testid="data-plane-disconnect-time-0"
        >
          <span>
            Disconnect time:
          </span>
          <span>
            â€”
          </span>
        </div>
        <div
          class="definition"
        >
          <span>
            CP instance ID:
          </span>
          <span>
            foo
          </span>
        </div>
        <details>
          <summary>
             Responses (acknowledged / sent) 
          </summary>
          
          <div
            class="definition"
            data-testid="data-plane-subscription-status-0-0"
          >
            <span>
              CDS:
            </span>
            <span>
              1 / 1
            </span>
          </div>
          <div
            class="definition"
            data-testid="data-plane-subscription-status-0-1"
          >
            <span>
              EDS:
            </span>
            <span>
              2 / 2
            </span>
          </div>
          <div
            class="definition"
            data-testid="data-plane-subscription-status-0-2"
          >
            <span>
              LDS:
            </span>
            <span>
              2 / 2
            </span>
          </div>
          <div
            class="definition"
            data-testid="data-plane-subscription-status-0-3"
          >
            <span>
              RDS:
            </span>
            <span>
              0 / 0
            </span>
          </div>
          
        </details>
      </div>
      <div>
        <div
          class="definition"
          data-testid="data-plane-connect-time-1"
        >
          <span>
            Connect time:
          </span>
          <span>
            February 17, 2021 at 7:33:36 AM
          </span>
        </div>
        <div
          class="definition"
          data-testid="data-plane-disconnect-time-1"
        >
          <span>
            Disconnect time:
          </span>
          <span>
            February 17, 2021 at 7:33:36 AM
          </span>
        </div>
        <div
          class="definition"
        >
          <span>
            CP instance ID:
          </span>
          <span>
            foo
          </span>
        </div>
        <details>
          <summary>
             Responses (acknowledged / sent) 
          </summary>
          
          <div
            class="definition"
            data-testid="data-plane-subscription-status-1-0"
          >
            <span>
              CDS:
            </span>
            <span>
              1 / 1
            </span>
          </div>
          <div
            class="definition"
            data-testid="data-plane-subscription-status-1-1"
          >
            <span>
              EDS:
            </span>
            <span>
              2 / 2
            </span>
          </div>
          <div
            class="definition"
            data-testid="data-plane-subscription-status-1-2"
          >
            <span>
              LDS:
            </span>
            <span>
              2 / 2
            </span>
          </div>
          <div
            class="definition"
            data-testid="data-plane-subscription-status-1-3"
          >
            <span>
              RDS:
            </span>
            <span>
              0 / 0
            </span>
          </div>
          
        </details>
      </div>
      
    </div>
  </section>
  <section
    class="config-section"
  >
    <div
      class="yaml-view"
    >
      <div
        class="yaml-view-content"
      >
        <div
          class="k-tabs"
        >
          <ul
            aria-label="Tabs"
            role="tablist"
          >
            
            <li
              aria-controls="panel-0"
              aria-selected="true"
              class="tab-item active"
              id="universal-tab"
              role="tab"
              tabindex="0"
            >
              <a
                class="tab-link"
              >
                
                Universal
                
              </a>
            </li>
            <li
              aria-controls="panel-1"
              aria-selected="false"
              class="tab-item"
              id="kubernetes-tab"
              role="tab"
              tabindex="0"
            >
              <a
                class="tab-link"
              >
                
                Kubernetes
                
              </a>
            </li>
            
          </ul>
          
          <div
            aria-labelledby="universal-tab"
            class="tab-container"
            id="panel-0"
            role="tabpanel"
            tabindex="0"
          >
            
            <div
              class="k-code-block theme-light code-block"
              data-testid="k-code-block"
              id="code-block-data-plane-summary"
              style="--maxLineNumberWidth: 2ch; --KCodeBlockMaxHeight: 250px;"
              tabindex="0"
            >
              <!---->
              <div
                class="k-code-block-content"
              >
                <pre
                  class="k-highlighted-code-block language-yaml"
                  data-testid="k-code-block-highlighted-code-block"
                  tabindex="0"
                >
                  <span
                    class="k-line-number-rows"
                  >
                    
        
                    
                    <span
                      class="k-line"
                    >
                      
          
                      <a
                        class="k-line-anchor"
                        id="code-block-data-plane-summary-L1"
                      >
                        1
                      </a>
                      
        
                    </span>
                    <span
                      class="k-line"
                    >
                      
          
                      <a
                        class="k-line-anchor"
                        id="code-block-data-plane-summary-L2"
                      >
                        2
                      </a>
                      
        
                    </span>
                    <span
                      class="k-line"
                    >
                      
          
                      <a
                        class="k-line-anchor"
                        id="code-block-data-plane-summary-L3"
                      >
                        3
                      </a>
                      
        
                    </span>
                    <span
                      class="k-line"
                    >
                      
          
                      <a
                        class="k-line-anchor"
                        id="code-block-data-plane-summary-L4"
                      >
                        4
                      </a>
                      
        
                    </span>
                    <span
                      class="k-line"
                    >
                      
          
                      <a
                        class="k-line-anchor"
                        id="code-block-data-plane-summary-L5"
                      >
                        5
                      </a>
                      
        
                    </span>
                    <span
                      class="k-line"
                    >
                      
          
                      <a
                        class="k-line-anchor"
                        id="code-block-data-plane-summary-L6"
                      >
                        6
                      </a>
                      
        
                    </span>
                    <span
                      class="k-line"
                    >
                      
          
                      <a
                        class="k-line-anchor"
                        id="code-block-data-plane-summary-L7"
                      >
                        7
                      </a>
                      
        
                    </span>
                    <span
                      class="k-line"
                    >
                      
          
                      <a
                        class="k-line-anchor"
                        id="code-block-data-plane-summary-L8"
                      >
                        8
                      </a>
                      
        
                    </span>
                    <span
                      class="k-line"
                    >
                      
          
                      <a
                        class="k-line-anchor"
                        id="code-block-data-plane-summary-L9"
                      >
                        9
                      </a>
                      
        
                    </span>
                    <span
                      class="k-line"
                    >
                      
          
                      <a
                        class="k-line-anchor"
                        id="code-block-data-plane-summary-L10"
                      >
                        10
                      </a>
                      
        
                    </span>
                    <span
                      class="k-line"
                    >
                      
          
                      <a
                        class="k-line-anchor"
                        id="code-block-data-plane-summary-L11"
                      >
                        11
                      </a>
                      
        
                    </span>
                    <span
                      class="k-line"
                    >
                      
          
                      <a
                        class="k-line-anchor"
                        id="code-block-data-plane-summary-L12"
                      >
                        12
                      </a>
                      
        
                    </span>
                    <span
                      class="k-line"
                    >
                      
          
                      <a
                        class="k-line-anchor"
                        id="code-block-data-plane-summary-L13"
                      >
                        13
                      </a>
                      
        
                    </span>
                    <span
                      class="k-line"
                    >
                      
          
                      <a
                        class="k-line-anchor"
                        id="code-block-data-plane-summary-L14"
                      >
                        14
                      </a>
                      
        
                    </span>
                    <span
                      class="k-line"
                    >
                      
          
                      <a
                        class="k-line-anchor"
                        id="code-block-data-plane-summary-L15"
                      >
                        15
                      </a>
                      
        
                    </span>
                    <span
                      class="k-line"
                    >
                      
          
                      <a
                        class="k-line-anchor"
                        id="code-block-data-plane-summary-L16"
                      >
                        16
                      </a>
                      
        
                    </span>
                    
                    
      
                  </span>
                  <code
                    class="language-yaml"
                  >
                    <span
                      class="token key atrule"
                    >
                      type
                    </span>
                    <span
                      class="token punctuation"
                    >
                      :
                    </span>
                     Dataplane

                    <span
                      class="token key atrule"
                    >
                      name
                    </span>
                    <span
                      class="token punctuation"
                    >
                      :
                    </span>
                     backend

                    <span
                      class="token key atrule"
                    >
                      mesh
                    </span>
                    <span
                      class="token punctuation"
                    >
                      :
                    </span>
                     test
                    <span
                      class="token punctuation"
                    >
                      -
                    </span>
                    mesh

                    <span
                      class="token key atrule"
                    >
                      networking
                    </span>
                    <span
                      class="token punctuation"
                    >
                      :
                    </span>
                     
  
                    <span
                      class="token key atrule"
                    >
                      address
                    </span>
                    <span
                      class="token punctuation"
                    >
                      :
                    </span>
                     127.0.0.1
  
                    <span
                      class="token key atrule"
                    >
                      inbound
                    </span>
                    <span
                      class="token punctuation"
                    >
                      :
                    </span>
                     
    
                    <span
                      class="token punctuation"
                    >
                      -
                    </span>
                     
                    <span
                      class="token key atrule"
                    >
                      port
                    </span>
                    <span
                      class="token punctuation"
                    >
                      :
                    </span>
                     
                    <span
                      class="token number"
                    >
                      7776
                    </span>
                    
      
                    <span
                      class="token key atrule"
                    >
                      servicePort
                    </span>
                    <span
                      class="token punctuation"
                    >
                      :
                    </span>
                     
                    <span
                      class="token number"
                    >
                      7777
                    </span>
                    
      
                    <span
                      class="token key atrule"
                    >
                      serviceAddress
                    </span>
                    <span
                      class="token punctuation"
                    >
                      :
                    </span>
                     127.0.0.1
      
                    <span
                      class="token key atrule"
                    >
                      tags
                    </span>
                    <span
                      class="token punctuation"
                    >
                      :
                    </span>
                     
        
                    <span
                      class="token key atrule"
                    >
                      kuma.io/protocol
                    </span>
                    <span
                      class="token punctuation"
                    >
                      :
                    </span>
                     http
        
                    <span
                      class="token key atrule"
                    >
                      kuma.io/service
                    </span>
                    <span
                      class="token punctuation"
                    >
                      :
                    </span>
                     backend
  
                    <span
                      class="token key atrule"
                    >
                      outbound
                    </span>
                    <span
                      class="token punctuation"
                    >
                      :
                    </span>
                     
    
                    <span
                      class="token punctuation"
                    >
                      -
                    </span>
                     
                    <span
                      class="token key atrule"
                    >
                      port
                    </span>
                    <span
                      class="token punctuation"
                    >
                      :
                    </span>
                     
                    <span
                      class="token number"
                    >
                      10001
                    </span>
                    
      
                    <span
                      class="token key atrule"
                    >
                      tags
                    </span>
                    <span
                      class="token punctuation"
                    >
                      :
                    </span>
                     
        
                    <span
                      class="token key atrule"
                    >
                      kuma.io/service
                    </span>
                    <span
                      class="token punctuation"
                    >
                      :
                    </span>
                     frontend
                  </code>
                </pre>
                <button
                  class="k-button small outline k-code-block-copy-button"
                  data-testid="k-code-block-copy-button"
                  title="Copy (Alt+C)"
                  type="button"
                >
                  
                  <!---->
                  
                  
                  <span
                    class="kong-icon kong-icon-copy"
                  >
                    <svg
                      height="18"
                      role="img"
                      viewBox="0 0 32 32"
                      width="18"
                      xmlns="http://www.w3.org/2000/svg"
                    >
                      
  
                      <title>
                        Copy (Alt+C)
                      </title>
                      
  
                      <path
                        d="M25.313 28v-18.688h-14.625v18.688h14.625zM25.313 6.688c1.438 0 2.688 1.188 2.688 2.625v18.688c0 1.438-1.25 2.688-2.688 2.688h-14.625c-1.438 0-2.688-1.25-2.688-2.688v-18.688c0-1.438 1.25-2.625 2.688-2.625h14.625zM21.313 1.313v2.688h-16v18.688h-2.625v-18.688c0-1.438 1.188-2.688 2.625-2.688h16z"
                        fill="currentColor"
                      />
                      

                    </svg>
                    

                  </span>
                  <span
                    class="k-visually-hidden"
                  >
                    Copy
                  </span>
                  
                  <!---->
                </button>
              </div>
            </div>
            
          </div>
          <div
            aria-labelledby="kubernetes-tab"
            class="tab-container"
            id="panel-1"
            role="tabpanel"
            tabindex="0"
          >
            <!---->
          </div>
          
        </div>
      </div>
    </div>
  </section>
</div>
`;
