// Jest Snapshot v1, https://goo.gl/fbAQLP

exports[`DataplaneUniversal.vue passes whole wizzard and render yaml 1`] = `
<div
  class="wizard"
>
  <div
    class="wizard__content"
  >
    <div
      class="wizard-steps"
    >
      <div
        class="wizard-steps__content-wrapper"
      >
        <header
          class="wizard-steps__indicator"
        >
          <ul
            aria-label="steptabs"
            class="wizard-steps__indicator__controls"
            role="tablist"
          >
            
            <li
              aria-controls="wizard-steps__content__item--0"
              aria-selected="false"
              class="is-complete wizard-steps__indicator__item"
            >
              <span>
                General
              </span>
            </li>
            <li
              aria-controls="wizard-steps__content__item--1"
              aria-selected="false"
              class="is-complete wizard-steps__indicator__item"
            >
              <span>
                Topology
              </span>
            </li>
            <li
              aria-controls="wizard-steps__content__item--2"
              aria-selected="false"
              class="is-complete wizard-steps__indicator__item"
            >
              <span>
                Networking
              </span>
            </li>
            <li
              aria-controls="wizard-steps__content__item--3"
              aria-selected="true"
              class="is-complete wizard-steps__indicator__item"
            >
              <span>
                Install
              </span>
            </li>
            
          </ul>
        </header>
        <div
          class="wizard-steps__content"
        >
          <form
            autocomplete="off"
          >
            
            <div
              aria-labelledby="wizard-steps__content__item--0"
              class="wizard-steps__content__item"
              id="wizard-steps__content__item--0"
              role="tabpanel"
              tabindex="0"
            >
              <!--v-if-->
            </div>
            <div
              aria-labelledby="wizard-steps__content__item--1"
              class="wizard-steps__content__item"
              id="wizard-steps__content__item--1"
              role="tabpanel"
              tabindex="0"
            >
              <!--v-if-->
            </div>
            <div
              aria-labelledby="wizard-steps__content__item--2"
              class="wizard-steps__content__item"
              id="wizard-steps__content__item--2"
              role="tabpanel"
              tabindex="0"
            >
              <!--v-if-->
            </div>
            <div
              aria-labelledby="wizard-steps__content__item--3"
              class="wizard-steps__content__item"
              id="wizard-steps__content__item--3"
              role="tabpanel"
              tabindex="0"
            >
              
              <div>
                <div>
                  <h3>
                     Auto-Inject DPP 
                  </h3>
                  <p>
                     It's time to first generate the credentials so that Kuma will allow the Dataplane to successfully authenticate itself with the control plane, and then finally install the Dataplane process (powered by Envoy). 
                  </p>
                  <h4>
                    Generate Dataplane Token
                  </h4>
                  <div
                    class="k-code-block theme-light code-block"
                    data-testid="k-code-block"
                    id="code-block-generate-token-command"
                    style="--maxLineNumberWidth: 1ch;"
                    tabindex="0"
                  >
                    <!---->
                    <div
                      class="k-code-block-content"
                    >
                      <pre
                        class="k-highlighted-code-block language-bash"
                        data-testid="k-code-block-highlighted-code-block"
                        tabindex="0"
                      >
                        <span
                          class="k-line-number-rows"
                        >
                          
        
                          
                          <span
                            class="k-line"
                          >
                            
          
                            <a
                              class="k-line-anchor"
                              id="code-block-generate-token-command-L1"
                            >
                              1
                            </a>
                            
        
                          </span>
                          
                          
      
                        </span>
                        <code
                          class="language-bash"
                        >
                          kumactl generate dataplane-token 
                          <span
                            class="token parameter variable"
                          >
                            --name
                          </span>
                          <span
                            class="token operator"
                          >
                            =
                          </span>
                          testMesh 
                          <span
                            class="token operator"
                          >
                            &gt;
                          </span>
                           kuma-token-testMesh
                        </code>
                      </pre>
                      <button
                        class="k-button small outline k-code-block-copy-button"
                        data-testid="k-code-block-copy-button"
                        title="Copy (Alt+C)"
                        type="button"
                      >
                        
                        <!---->
                        
                        
                        <span
                          class="kong-icon kong-icon-copy"
                        >
                          <svg
                            height="18"
                            role="img"
                            viewBox="0 0 32 32"
                            width="18"
                            xmlns="http://www.w3.org/2000/svg"
                          >
                            
  
                            <title>
                              Copy (Alt+C)
                            </title>
                            
  
                            <path
                              d="M25.313 28v-18.688h-14.625v18.688h14.625zM25.313 6.688c1.438 0 2.688 1.188 2.688 2.625v18.688c0 1.438-1.25 2.688-2.688 2.688h-14.625c-1.438 0-2.688-1.25-2.688-2.688v-18.688c0-1.438 1.25-2.625 2.688-2.625h14.625zM21.313 1.313v2.688h-16v18.688h-2.625v-18.688c0-1.438 1.188-2.688 2.625-2.688h16z"
                              fill="currentColor"
                            />
                            

                          </svg>
                          

                        </span>
                        <span
                          class="k-visually-hidden"
                        >
                          Copy
                        </span>
                        
                        <!---->
                      </button>
                    </div>
                  </div>
                  <h4>
                    Start Dataplane Process
                  </h4>
                  <div
                    class="k-code-block theme-light code-block"
                    data-testid="k-code-block"
                    id="code-block-stard-dp-command"
                    style="--maxLineNumberWidth: 2ch;"
                    tabindex="0"
                  >
                    <!---->
                    <div
                      class="k-code-block-content"
                    >
                      <pre
                        class="k-highlighted-code-block language-bash"
                        data-testid="k-code-block-highlighted-code-block"
                        tabindex="0"
                      >
                        <span
                          class="k-line-number-rows"
                        >
                          
        
                          
                          <span
                            class="k-line"
                          >
                            
          
                            <a
                              class="k-line-anchor"
                              id="code-block-stard-dp-command-L1"
                            >
                              1
                            </a>
                            
        
                          </span>
                          <span
                            class="k-line"
                          >
                            
          
                            <a
                              class="k-line-anchor"
                              id="code-block-stard-dp-command-L2"
                            >
                              2
                            </a>
                            
        
                          </span>
                          <span
                            class="k-line"
                          >
                            
          
                            <a
                              class="k-line-anchor"
                              id="code-block-stard-dp-command-L3"
                            >
                              3
                            </a>
                            
        
                          </span>
                          <span
                            class="k-line"
                          >
                            
          
                            <a
                              class="k-line-anchor"
                              id="code-block-stard-dp-command-L4"
                            >
                              4
                            </a>
                            
        
                          </span>
                          <span
                            class="k-line"
                          >
                            
          
                            <a
                              class="k-line-anchor"
                              id="code-block-stard-dp-command-L5"
                            >
                              5
                            </a>
                            
        
                          </span>
                          <span
                            class="k-line"
                          >
                            
          
                            <a
                              class="k-line-anchor"
                              id="code-block-stard-dp-command-L6"
                            >
                              6
                            </a>
                            
        
                          </span>
                          <span
                            class="k-line"
                          >
                            
          
                            <a
                              class="k-line-anchor"
                              id="code-block-stard-dp-command-L7"
                            >
                              7
                            </a>
                            
        
                          </span>
                          <span
                            class="k-line"
                          >
                            
          
                            <a
                              class="k-line-anchor"
                              id="code-block-stard-dp-command-L8"
                            >
                              8
                            </a>
                            
        
                          </span>
                          <span
                            class="k-line"
                          >
                            
          
                            <a
                              class="k-line-anchor"
                              id="code-block-stard-dp-command-L9"
                            >
                              9
                            </a>
                            
        
                          </span>
                          <span
                            class="k-line"
                          >
                            
          
                            <a
                              class="k-line-anchor"
                              id="code-block-stard-dp-command-L10"
                            >
                              10
                            </a>
                            
        
                          </span>
                          <span
                            class="k-line"
                          >
                            
          
                            <a
                              class="k-line-anchor"
                              id="code-block-stard-dp-command-L11"
                            >
                              11
                            </a>
                            
        
                          </span>
                          <span
                            class="k-line"
                          >
                            
          
                            <a
                              class="k-line-anchor"
                              id="code-block-stard-dp-command-L12"
                            >
                              12
                            </a>
                            
        
                          </span>
                          <span
                            class="k-line"
                          >
                            
          
                            <a
                              class="k-line-anchor"
                              id="code-block-stard-dp-command-L13"
                            >
                              13
                            </a>
                            
        
                          </span>
                          <span
                            class="k-line"
                          >
                            
          
                            <a
                              class="k-line-anchor"
                              id="code-block-stard-dp-command-L14"
                            >
                              14
                            </a>
                            
        
                          </span>
                          <span
                            class="k-line"
                          >
                            
          
                            <a
                              class="k-line-anchor"
                              id="code-block-stard-dp-command-L15"
                            >
                              15
                            </a>
                            
        
                          </span>
                          
                          
      
                        </span>
                        <code
                          class="language-bash"
                        >
                          kuma-dp run 
                          <span
                            class="token punctuation"
                          >
                            \\
                          </span>
                          
      --cp-address
                          <span
                            class="token operator"
                          >
                            =
                          </span>
                          https://localhost:5678/ 
                          <span
                            class="token punctuation"
                          >
                            \\
                          </span>
                          
      
                          <span
                            class="token parameter variable"
                          >
                            --dataplane
                          </span>
                          <span
                            class="token operator"
                          >
                            =
                          </span>
                          <span
                            class="token string"
                          >
                            "type: Dataplane
mesh: testMesh
name: testMesh
networking: 
  address: 12
  inbound: 
    - port: 1
      servicePort: 1
      serviceAddress: 127.0.0.1
      tags: 
        kuma.io/service: testMesh
        kuma.io/protocol: tcp"
                          </span>
                           
                          <span
                            class="token punctuation"
                          >
                            \\
                          </span>
                          
      --dataplane-token-file
                          <span
                            class="token operator"
                          >
                            =
                          </span>
                          kuma-token-testMesh
                        </code>
                      </pre>
                      <button
                        class="k-button small outline k-code-block-copy-button"
                        data-testid="k-code-block-copy-button"
                        title="Copy (Alt+C)"
                        type="button"
                      >
                        
                        <!---->
                        
                        
                        <span
                          class="kong-icon kong-icon-copy"
                        >
                          <svg
                            height="18"
                            role="img"
                            viewBox="0 0 32 32"
                            width="18"
                            xmlns="http://www.w3.org/2000/svg"
                          >
                            
  
                            <title>
                              Copy (Alt+C)
                            </title>
                            
  
                            <path
                              d="M25.313 28v-18.688h-14.625v18.688h14.625zM25.313 6.688c1.438 0 2.688 1.188 2.688 2.625v18.688c0 1.438-1.25 2.688-2.688 2.688h-14.625c-1.438 0-2.688-1.25-2.688-2.688v-18.688c0-1.438 1.25-2.625 2.688-2.625h14.625zM21.313 1.313v2.688h-16v18.688h-2.625v-18.688c0-1.438 1.188-2.688 2.625-2.688h16z"
                              fill="currentColor"
                            />
                            

                          </svg>
                          

                        </span>
                        <span
                          class="k-visually-hidden"
                        >
                          Copy
                        </span>
                        
                        <!---->
                      </button>
                    </div>
                  </div>
                </div>
                <div
                  class="scanner"
                >
                  <div
                    class="scanner-content"
                  >
                    <!-- loading state -->
                    <section
                      class="empty-state-wrapper"
                    >
                      <div
                        class="empty-state-title"
                      >
                        <!---->
                        <div
                          class="k-empty-state-title-header mt-4 mb-4"
                        >
                          
                          <div
                            class="mb-3"
                          >
                            <span
                              class="kong-icon kong-icon-spinner"
                            >
                              <svg
                                fill="rgba(0, 0, 0, 0.1)"
                                height="42"
                                role="img"
                                viewBox="0 0 20 20"
                                width="42"
                                xmlns="http://www.w3.org/2000/svg"
                              >
                                
  
                                <title>
                                  Loading
                                </title>
                                
  
                                <g>
                                  
    
                                  <path
                                    d="M5 10a5 5 0 1 0 5-5"
                                    fill="none"
                                    stroke="rgba(0, 0, 0, 0.1)"
                                    stroke-linecap="round"
                                    stroke-linejoin="round"
                                    stroke-width="2"
                                  />
                                  
  
                                </g>
                                

                              </svg>
                              

                            </span>
                          </div>
                          <!--v-if-->
                          
                          <h3>
                            Searching…
                          </h3>
                          
                          <!--v-if-->
                          
                        </div>
                      </div>
                      <div
                        class="empty-state-content"
                      >
                        <div
                          class="k-empty-state-message mb-6"
                        >
                          
                          
                          <p>
                            We are looking for your dataplane.
                          </p>
                          
                          <!--v-if-->
                          
                        </div>
                        <div
                          class="k-empty-state-cta"
                        >
                          
                          <!---->
                          
                        </div>
                      </div>
                    </section>
                  </div>
                </div>
              </div>
              
            </div>
            
          </form>
        </div>
        <footer
          class="wizard-steps__footer"
        >
          <button
            class="k-button medium rounded outline"
            data-testid="next-previous-button"
            style=""
            type="button"
          >
            
            <!---->
            
            
            <span
              class="kong-icon kong-icon-chevronLeft"
            >
              <svg
                fill="currentColor"
                height="16"
                role="img"
                viewBox="0 0 20 20"
                width="16"
                xmlns="http://www.w3.org/2000/svg"
              >
                
  
                
  
                <path
                  d="m12.3 14.7-5-5.2 5-5.2"
                  fill="none"
                  stroke="currentColor"
                  stroke-linecap="round"
                  stroke-linejoin="round"
                  stroke-width="2"
                />
                

              </svg>
              

            </span>
             Previous 
            
            <!---->
          </button>
          <button
            class="k-button medium rounded primary"
            data-testid="next-step-button"
            style="display: none;"
            type="button"
          >
            
            <!---->
            
            
             Next 
            <span
              class="kong-icon kong-icon-chevronRight"
            >
              <svg
                fill="currentColor"
                height="16"
                role="img"
                viewBox="0 0 20 20"
                width="16"
                xmlns="http://www.w3.org/2000/svg"
              >
                
  
                
  
                <path
                  d="m7.3 14.7 5-5.2-5-5.2"
                  fill="none"
                  stroke="currentColor"
                  stroke-linecap="round"
                  stroke-linejoin="round"
                  stroke-width="2"
                />
                

              </svg>
              

            </span>
            
            <!---->
          </button>
        </footer>
      </div>
      <aside
        class="wizard-steps__sidebar"
      >
        <div
          class="wizard-steps__sidebar__content"
        >
          
          <div
            class="wizard-steps__sidebar__item wizard-steps__sidebar__item--0"
          >
            
            <h3>
              Dataplane
            </h3>
            <p>
               In Kuma, a Dataplane resource represents a data plane proxy running alongside one of your services. Data plane proxies can be added in any Mesh that you may have created, and in Kubernetes, they will be auto-injected by Kuma. 
            </p>
            
          </div>
          <div
            class="wizard-steps__sidebar__item wizard-steps__sidebar__item--1"
          >
            
            <h3>
              Example
            </h3>
            <p>
               Below is an example of a Dataplane resource output: 
            </p>
            <div
              class="k-code-block theme-light code-block mt-3"
              data-testid="k-code-block"
              id="onboarding-dpp-universal-example"
              style="--maxLineNumberWidth: 2ch;"
              tabindex="0"
            >
              <!---->
              <div
                class="k-code-block-content"
              >
                <pre
                  class="k-highlighted-code-block language-yaml"
                  data-testid="k-code-block-highlighted-code-block"
                  tabindex="0"
                >
                  <span
                    class="k-line-number-rows"
                  >
                    
        
                    
                    <span
                      class="k-line"
                    >
                      
          
                      <a
                        class="k-line-anchor"
                        id="onboarding-dpp-universal-example-L1"
                      >
                        1
                      </a>
                      
        
                    </span>
                    <span
                      class="k-line"
                    >
                      
          
                      <a
                        class="k-line-anchor"
                        id="onboarding-dpp-universal-example-L2"
                      >
                        2
                      </a>
                      
        
                    </span>
                    <span
                      class="k-line"
                    >
                      
          
                      <a
                        class="k-line-anchor"
                        id="onboarding-dpp-universal-example-L3"
                      >
                        3
                      </a>
                      
        
                    </span>
                    <span
                      class="k-line"
                    >
                      
          
                      <a
                        class="k-line-anchor"
                        id="onboarding-dpp-universal-example-L4"
                      >
                        4
                      </a>
                      
        
                    </span>
                    <span
                      class="k-line"
                    >
                      
          
                      <a
                        class="k-line-anchor"
                        id="onboarding-dpp-universal-example-L5"
                      >
                        5
                      </a>
                      
        
                    </span>
                    <span
                      class="k-line"
                    >
                      
          
                      <a
                        class="k-line-anchor"
                        id="onboarding-dpp-universal-example-L6"
                      >
                        6
                      </a>
                      
        
                    </span>
                    <span
                      class="k-line"
                    >
                      
          
                      <a
                        class="k-line-anchor"
                        id="onboarding-dpp-universal-example-L7"
                      >
                        7
                      </a>
                      
        
                    </span>
                    <span
                      class="k-line"
                    >
                      
          
                      <a
                        class="k-line-anchor"
                        id="onboarding-dpp-universal-example-L8"
                      >
                        8
                      </a>
                      
        
                    </span>
                    <span
                      class="k-line"
                    >
                      
          
                      <a
                        class="k-line-anchor"
                        id="onboarding-dpp-universal-example-L9"
                      >
                        9
                      </a>
                      
        
                    </span>
                    <span
                      class="k-line"
                    >
                      
          
                      <a
                        class="k-line-anchor"
                        id="onboarding-dpp-universal-example-L10"
                      >
                        10
                      </a>
                      
        
                    </span>
                    
                    
      
                  </span>
                  <code
                    class="language-yaml"
                  >
                    <span
                      class="token key atrule"
                    >
                      type
                    </span>
                    <span
                      class="token punctuation"
                    >
                      :
                    </span>
                     Dataplane

                    <span
                      class="token key atrule"
                    >
                      mesh
                    </span>
                    <span
                      class="token punctuation"
                    >
                      :
                    </span>
                     default

                    <span
                      class="token key atrule"
                    >
                      name
                    </span>
                    <span
                      class="token punctuation"
                    >
                      :
                    </span>
                     dp
                    <span
                      class="token punctuation"
                    >
                      -
                    </span>
                    echo
                    <span
                      class="token punctuation"
                    >
                      -
                    </span>
                    <span
                      class="token number"
                    >
                      1
                    </span>
                    

                    <span
                      class="token key atrule"
                    >
                      networking
                    </span>
                    <span
                      class="token punctuation"
                    >
                      :
                    </span>
                    
  
                    <span
                      class="token key atrule"
                    >
                      address
                    </span>
                    <span
                      class="token punctuation"
                    >
                      :
                    </span>
                     10.0.0.1
  
                    <span
                      class="token key atrule"
                    >
                      inbound
                    </span>
                    <span
                      class="token punctuation"
                    >
                      :
                    </span>
                    
  
                    <span
                      class="token punctuation"
                    >
                      -
                    </span>
                     
                    <span
                      class="token key atrule"
                    >
                      port
                    </span>
                    <span
                      class="token punctuation"
                    >
                      :
                    </span>
                     
                    <span
                      class="token number"
                    >
                      10000
                    </span>
                    
    
                    <span
                      class="token key atrule"
                    >
                      servicePort
                    </span>
                    <span
                      class="token punctuation"
                    >
                      :
                    </span>
                     
                    <span
                      class="token number"
                    >
                      9000
                    </span>
                    
    
                    <span
                      class="token key atrule"
                    >
                      tags
                    </span>
                    <span
                      class="token punctuation"
                    >
                      :
                    </span>
                    
      
                    <span
                      class="token key atrule"
                    >
                      kuma.io/service
                    </span>
                    <span
                      class="token punctuation"
                    >
                      :
                    </span>
                     echo
                  </code>
                </pre>
                <button
                  class="k-button small outline k-code-block-copy-button"
                  data-testid="k-code-block-copy-button"
                  title="Copy (Alt+C)"
                  type="button"
                >
                  
                  <!---->
                  
                  
                  <span
                    class="kong-icon kong-icon-copy"
                  >
                    <svg
                      height="18"
                      role="img"
                      viewBox="0 0 32 32"
                      width="18"
                      xmlns="http://www.w3.org/2000/svg"
                    >
                      
  
                      <title>
                        Copy (Alt+C)
                      </title>
                      
  
                      <path
                        d="M25.313 28v-18.688h-14.625v18.688h14.625zM25.313 6.688c1.438 0 2.688 1.188 2.688 2.625v18.688c0 1.438-1.25 2.688-2.688 2.688h-14.625c-1.438 0-2.688-1.25-2.688-2.688v-18.688c0-1.438 1.25-2.625 2.688-2.625h14.625zM21.313 1.313v2.688h-16v18.688h-2.625v-18.688c0-1.438 1.188-2.688 2.625-2.688h16z"
                        fill="currentColor"
                      />
                      

                    </svg>
                    

                  </span>
                  <span
                    class="k-visually-hidden"
                  >
                    Copy
                  </span>
                  
                  <!---->
                </button>
              </div>
            </div>
            
          </div>
          <div
            class="wizard-steps__sidebar__item wizard-steps__sidebar__item--2"
          >
            
            <!-- wizard switcher -- based on environment -->
            <div
              class="wizard-switcher"
            >
              <section
                aria-describedby="aaaabbbb-cccc-dddd-eeee-ffffffffffff"
                class="kong-card border my-6"
                cta-is-hidden=""
                is-error="true"
              >
                <!---->
                <!---->
                <div
                  class="k-card-content d-flex"
                >
                  <div
                    class="k-card-body"
                    id="aaaabbbb-cccc-dddd-eeee-ffffffffffff"
                  >
                    
                    
                    
                  </div>
                  <!---->
                </div>
              </section>
            </div>
            
          </div>
          
        </div>
      </aside>
    </div>
  </div>
</div>
`;
